Component: Arm Compiler for Embedded 6.22 Tool: armlink [5ee90200]

==============================================================================

Section Cross References

    tft.o(MYDATA) refers (Special) to screens_draws.o(SCREENDRAWS) for BOX_EXPANSION
    tft.o(MYDATA) refers (Special) to draws.o(DRAWS) for COUNTER
    tft.o(MYDATA) refers (Special) to omnitext.o(SCREENDRAWS) for DRAW_INTRO_SCREEN
    tft.o(MYDATA) refers (Special) to tempandhum.o(TEMPANDHUM) for GET_TEMPRATURE_AND_HUMIDITY_VALUE
    tft.o(MYDATA) refers (Special) to buttons.o(BUTTONS) for READ_BUTTONS
    tft.o(MYDATA) refers (Special) to snakegame.o(SNAKE_CODE) for SNAKE_GAME
    tft.o(MYCODE) refers (Special) to screens_draws.o(SCREENDRAWS) for BOX_EXPANSION
    tft.o(MYCODE) refers (Special) to draws.o(DRAWS) for COUNTER
    tft.o(MYCODE) refers (Special) to omnitext.o(SCREENDRAWS) for DRAW_INTRO_SCREEN
    tft.o(MYCODE) refers (Special) to tempandhum.o(TEMPANDHUM) for GET_TEMPRATURE_AND_HUMIDITY_VALUE
    tft.o(MYCODE) refers (Special) to buttons.o(BUTTONS) for READ_BUTTONS
    tft.o(MYCODE) refers (Special) to snakegame.o(SNAKE_CODE) for SNAKE_GAME
    tft.o(MYCODE) refers to integration.o(INTEGRATION) for HELLO_SCREEN
    draws.o(MYDATA) refers (Special) to bitmap_partone.o(CharacterBitmaps1) for CharA
    draws.o(MYDATA) refers (Special) to bitmap_parttwo.o(CharacterBitmaps2) for CharS
    draws.o(MYDATA) refers (Special) to screens_draws.o(SCREENDRAWS) for DRAW_HOME_SCREEN
    draws.o(MYDATA) refers (Special) to iconsbitmap.o(IconsBitmaps) for HomeIcon
    draws.o(MYDATA) refers (Special) to tft.o(MYCODE) for LCD_WRITE
    draws.o(DRAWS) refers (Special) to bitmap_partone.o(CharacterBitmaps1) for CharA
    draws.o(DRAWS) refers (Special) to bitmap_parttwo.o(CharacterBitmaps2) for CharS
    draws.o(DRAWS) refers (Special) to screens_draws.o(SCREENDRAWS) for DRAW_HOME_SCREEN
    draws.o(DRAWS) refers (Special) to iconsbitmap.o(IconsBitmaps) for HomeIcon
    draws.o(DRAWS) refers (Special) to tft.o(MYCODE) for LCD_WRITE
    snakegame.o(SNAKE_CODE) refers to draws.o(DRAWS) for DRAW_RECTANGLE_FILLED
    snakegame.o(SNAKE_CODE) refers to tft.o(MYCODE) for delay_half_second
    snakegame.o(SNAKE_CODE) refers to buttons.o(BUTTONS) for READ_BUTTONS
    integration.o(INTEGRATION) refers to omnitext.o(SCREENDRAWS) for DRAW_INTRO_SCREEN
    integration.o(INTEGRATION) refers to screens_draws.o(SCREENDRAWS) for BOX_EXPANSION
    integration.o(INTEGRATION) refers to buttons.o(BUTTONS) for GET_READINGS
    integration.o(INTEGRATION) refers to draws.o(DRAWS) for DRAW_RECTANGLE_FILLED
    integration.o(INTEGRATION) refers to calculator.o(SNAKE_CODE) for Calculator
    integration.o(INTEGRATION) refers to snakegame.o(SNAKE_CODE) for SNAKE_GAME
    integration.o(INTEGRATION) refers to snakehigherlevel.o(SNAKE_CODE) for SNAKE_GAME_HIGHER_LEVEL
    integration.o(INTEGRATION) refers to tempandhum.o(TEMPANDHUM) for GET_TEMPRATURE_AND_HUMIDITY_VALUE
    integration.o(INTEGRATION) refers to iconstwo.o(MYDATA) for UpArrow
    screens_draws.o(MYDATA) refers (Special) to bitmap_parttwo.o(CharacterBitmaps2) for Char1
    screens_draws.o(MYDATA) refers (Special) to bitmap_partone.o(CharacterBitmaps1) for CharA
    screens_draws.o(MYDATA) refers (Special) to omnitext.o(SCREENDRAWS) for DRAW_INTRO_SCREEN
    screens_draws.o(MYDATA) refers (Special) to draws.o(DRAWS) for DRAW_NUMBERS
    screens_draws.o(SCREENDRAWS) refers (Special) to bitmap_parttwo.o(CharacterBitmaps2) for Char1
    screens_draws.o(SCREENDRAWS) refers (Special) to bitmap_partone.o(CharacterBitmaps1) for CharA
    screens_draws.o(SCREENDRAWS) refers (Special) to omnitext.o(SCREENDRAWS) for DRAW_INTRO_SCREEN
    screens_draws.o(SCREENDRAWS) refers (Special) to draws.o(DRAWS) for DRAW_NUMBERS
    screens_draws.o(SCREENDRAWS) refers to tft.o(MYCODE) for delay_1_second
    screens_draws.o(SCREENDRAWS) refers to stopwatchscreen.o(SCREENDRAWS) for DRAW_STOPWATCH_SCREEN
    screens_draws.o(SCREENDRAWS) refers to alarmscreen.o(SCREENDRAWS) for DRAW_ALARM_SCREEN
    screens_draws.o(SCREENDRAWS) refers to themes.o(SCREENDRAWS) for DRAW_THEMES_SCREEN
    screens_draws.o(SCREENDRAWS) refers to games.o(SCREENDRAWS) for DRAW_GAME_SCREEN
    screens_draws.o(SCREENDRAWS) refers to calcinterface.o(SCREENDRAWS) for DRAW_CALC_SCREEN
    screens_draws.o(SCREENDRAWS) refers to iconsbitmap.o(IconsBitmaps) for SunIcon
    screens_draws.o(SCREENDRAWS) refers to iconstwo.o(MYDATA) for Stopwatch
    stopwatchscreen.o(MYDATA) refers (Special) to bitmap_parttwo.o(CharacterBitmaps2) for Char1
    stopwatchscreen.o(MYDATA) refers (Special) to bitmap_partone.o(CharacterBitmaps1) for CharC
    stopwatchscreen.o(MYDATA) refers (Special) to draws.o(DRAWS) for DRAW_DIGIT_PAIR
    stopwatchscreen.o(MYDATA) refers (Special) to iconsbitmap.o(IconsBitmaps) for DropIcon
    stopwatchscreen.o(MYDATA) refers (Special) to iconstwo.o(MYDATA) for Stopwatch
    stopwatchscreen.o(MYDATA) refers (Special) to tft.o(MYCODE) for delay_1_second
    stopwatchscreen.o(SCREENDRAWS) refers (Special) to bitmap_parttwo.o(CharacterBitmaps2) for Char1
    stopwatchscreen.o(SCREENDRAWS) refers (Special) to bitmap_partone.o(CharacterBitmaps1) for CharC
    stopwatchscreen.o(SCREENDRAWS) refers (Special) to draws.o(DRAWS) for DRAW_DIGIT_PAIR
    stopwatchscreen.o(SCREENDRAWS) refers (Special) to iconsbitmap.o(IconsBitmaps) for DropIcon
    stopwatchscreen.o(SCREENDRAWS) refers (Special) to iconstwo.o(MYDATA) for Stopwatch
    stopwatchscreen.o(SCREENDRAWS) refers (Special) to tft.o(MYCODE) for delay_1_second
    themes.o(MYDATA) refers (Special) to bitmap_parttwo.o(CharacterBitmaps2) for Char0
    themes.o(MYDATA) refers (Special) to bitmap_partone.o(CharacterBitmaps1) for CharA
    themes.o(MYDATA) refers (Special) to draws.o(DRAWS) for DRAW_CHAR_I
    themes.o(MYDATA) refers (Special) to iconsbitmap.o(IconsBitmaps) for DropIcon
    themes.o(MYDATA) refers (Special) to iconstwo.o(MYDATA) for Stopwatch
    themes.o(MYDATA) refers (Special) to tft.o(MYCODE) for delay_1_second
    themes.o(SCREENDRAWS) refers (Special) to bitmap_parttwo.o(CharacterBitmaps2) for Char0
    themes.o(SCREENDRAWS) refers (Special) to bitmap_partone.o(CharacterBitmaps1) for CharA
    themes.o(SCREENDRAWS) refers (Special) to draws.o(DRAWS) for DRAW_CHAR_I
    themes.o(SCREENDRAWS) refers (Special) to iconsbitmap.o(IconsBitmaps) for DropIcon
    themes.o(SCREENDRAWS) refers (Special) to iconstwo.o(MYDATA) for Stopwatch
    themes.o(SCREENDRAWS) refers (Special) to tft.o(MYCODE) for delay_1_second
    alarmscreen.o(MYDATA) refers (Special) to bitmap_parttwo.o(CharacterBitmaps2) for Char1
    alarmscreen.o(MYDATA) refers (Special) to bitmap_partone.o(CharacterBitmaps1) for CharC
    alarmscreen.o(MYDATA) refers (Special) to draws.o(DRAWS) for DRAW_CHAR_I
    alarmscreen.o(MYDATA) refers (Special) to iconsbitmap.o(IconsBitmaps) for DropIcon
    alarmscreen.o(MYDATA) refers (Special) to iconstwo.o(MYDATA) for Stopwatch
    alarmscreen.o(MYDATA) refers (Special) to tft.o(MYCODE) for delay_1_second
    alarmscreen.o(SCREENDRAWS) refers (Special) to bitmap_parttwo.o(CharacterBitmaps2) for Char1
    alarmscreen.o(SCREENDRAWS) refers (Special) to bitmap_partone.o(CharacterBitmaps1) for CharC
    alarmscreen.o(SCREENDRAWS) refers (Special) to draws.o(DRAWS) for DRAW_CHAR_I
    alarmscreen.o(SCREENDRAWS) refers (Special) to iconsbitmap.o(IconsBitmaps) for DropIcon
    alarmscreen.o(SCREENDRAWS) refers (Special) to iconstwo.o(MYDATA) for Stopwatch
    alarmscreen.o(SCREENDRAWS) refers (Special) to tft.o(MYCODE) for delay_1_second
    omnitext.o(MYDATA) refers (Special) to bitmap_parttwo.o(CharacterBitmaps2) for Char0
    omnitext.o(MYDATA) refers (Special) to bitmap_partone.o(CharacterBitmaps1) for CharH
    omnitext.o(MYDATA) refers (Special) to draws.o(DRAWS) for DRAW_DIGIT_PAIR
    omnitext.o(MYDATA) refers (Special) to iconsbitmap.o(IconsBitmaps) for DropIcon
    omnitext.o(MYDATA) refers (Special) to iconstwo.o(MYDATA) for Stopwatch
    omnitext.o(MYDATA) refers (Special) to tft.o(MYCODE) for delay_1_second
    omnitext.o(SCREENDRAWS) refers (Special) to bitmap_parttwo.o(CharacterBitmaps2) for Char0
    omnitext.o(SCREENDRAWS) refers (Special) to bitmap_partone.o(CharacterBitmaps1) for CharH
    omnitext.o(SCREENDRAWS) refers (Special) to draws.o(DRAWS) for DRAW_DIGIT_PAIR
    omnitext.o(SCREENDRAWS) refers (Special) to iconsbitmap.o(IconsBitmaps) for DropIcon
    omnitext.o(SCREENDRAWS) refers (Special) to iconstwo.o(MYDATA) for Stopwatch
    omnitext.o(SCREENDRAWS) refers (Special) to tft.o(MYCODE) for delay_1_second
    games.o(MYDATA) refers (Special) to bitmap_parttwo.o(CharacterBitmaps2) for Char0
    games.o(MYDATA) refers (Special) to bitmap_partone.o(CharacterBitmaps1) for CharC
    games.o(MYDATA) refers (Special) to iconsbitmap.o(IconsBitmaps) for Controller
    games.o(MYDATA) refers (Special) to draws.o(DRAWS) for DRAW_CHAR_I
    games.o(MYDATA) refers (Special) to iconstwo.o(MYDATA) for Stopwatch
    games.o(MYDATA) refers (Special) to tft.o(MYCODE) for delay_1_second
    games.o(SCREENDRAWS) refers (Special) to bitmap_parttwo.o(CharacterBitmaps2) for Char0
    games.o(SCREENDRAWS) refers (Special) to bitmap_partone.o(CharacterBitmaps1) for CharC
    games.o(SCREENDRAWS) refers (Special) to iconsbitmap.o(IconsBitmaps) for Controller
    games.o(SCREENDRAWS) refers (Special) to draws.o(DRAWS) for DRAW_CHAR_I
    games.o(SCREENDRAWS) refers (Special) to iconstwo.o(MYDATA) for Stopwatch
    games.o(SCREENDRAWS) refers (Special) to tft.o(MYCODE) for delay_1_second
    snakehigherlevel.o(MY_SNAKE_DATA) refers (Special) to buttons.o(BUTTONS) for READ_BUTTONS
    snakehigherlevel.o(SNAKE_CODE) refers (Special) to buttons.o(BUTTONS) for READ_BUTTONS
    snakehigherlevel.o(SNAKE_CODE) refers to draws.o(DRAWS) for DRAW_RECTANGLE_FILLED
    snakehigherlevel.o(SNAKE_CODE) refers to tft.o(MYCODE) for delay_half_second
    calcinterface.o(MYDATA) refers (Special) to bitmap_partone.o(CharacterBitmaps1) for CharE
    calcinterface.o(MYDATA) refers (Special) to iconsbitmap.o(IconsBitmaps) for Controller
    calcinterface.o(MYDATA) refers (Special) to draws.o(DRAWS) for DRAW_CHAR_I
    calcinterface.o(MYDATA) refers (Special) to iconstwo.o(MYDATA) for Stopwatch
    calcinterface.o(MYDATA) refers (Special) to tft.o(MYCODE) for delay_1_second
    calcinterface.o(SCREENDRAWS) refers (Special) to bitmap_partone.o(CharacterBitmaps1) for CharE
    calcinterface.o(SCREENDRAWS) refers (Special) to iconsbitmap.o(IconsBitmaps) for Controller
    calcinterface.o(SCREENDRAWS) refers (Special) to draws.o(DRAWS) for DRAW_CHAR_I
    calcinterface.o(SCREENDRAWS) refers (Special) to iconstwo.o(MYDATA) for Stopwatch
    calcinterface.o(SCREENDRAWS) refers (Special) to tft.o(MYCODE) for delay_1_second
    calcinterface.o(SCREENDRAWS) refers to bitmap_parttwo.o(CharacterBitmaps2) for CharU
    calculator.o(MY_CALCULATOR_DATA) refers (Special) to bitmap_parttwo.o(CharacterBitmaps2) for Char0
    calculator.o(MY_CALCULATOR_DATA) refers (Special) to bitmap_partone.o(CharacterBitmaps1) for CharG
    calculator.o(MY_CALCULATOR_DATA) refers (Special) to tft.o(MYCODE) for delay_1_second
    calculator.o(SNAKE_CODE) refers (Special) to bitmap_parttwo.o(CharacterBitmaps2) for Char0
    calculator.o(SNAKE_CODE) refers (Special) to bitmap_partone.o(CharacterBitmaps1) for CharG
    calculator.o(SNAKE_CODE) refers (Special) to tft.o(MYCODE) for delay_1_second
    calculator.o(SNAKE_CODE) refers to buttons.o(BUTTONS) for READ_BUTTONS
    calculator.o(SNAKE_CODE) refers to draws.o(DRAWS) for DRAW_RECTANGLE_FILLED
    calculator.o(SNAKE_CODE) refers to calchelp.o(SNAKE_CODE) for HANDLE_RESULT
    calculator.o(SNAKE_CODE) refers to iconstwo.o(MYDATA) for LeftArrow
    calchelp.o(SNAKE_CODE) refers to draws.o(DRAWS) for DRAW_NUMBERS
    gpio_stm32f10x.o(.ARM.exidx.text.GPIO_PortClock) refers to gpio_stm32f10x.o(.text.GPIO_PortClock) for [Anonymous Symbol]
    gpio_stm32f10x.o(.ARM.exidx.text.GPIO_GetPortClockState) refers to gpio_stm32f10x.o(.text.GPIO_GetPortClockState) for [Anonymous Symbol]
    gpio_stm32f10x.o(.text.GPIO_PinConfigure) refers to gpio_stm32f10x.o(.text.GPIO_GetPortClockState) for GPIO_GetPortClockState
    gpio_stm32f10x.o(.text.GPIO_PinConfigure) refers to gpio_stm32f10x.o(.text.GPIO_PortClock) for GPIO_PortClock
    gpio_stm32f10x.o(.ARM.exidx.text.GPIO_PinConfigure) refers to gpio_stm32f10x.o(.text.GPIO_PinConfigure) for [Anonymous Symbol]
    gpio_stm32f10x.o(.ARM.exidx.text.GPIO_AFConfigure) refers to gpio_stm32f10x.o(.text.GPIO_AFConfigure) for [Anonymous Symbol]
    startup_stm32f10x_md.o(STACK) refers (Special) to heapauxi.o(.text) for __use_two_region_memory
    startup_stm32f10x_md.o(HEAP) refers (Special) to heapauxi.o(.text) for __use_two_region_memory
    startup_stm32f10x_md.o(RESET) refers (Special) to heapauxi.o(.text) for __use_two_region_memory
    startup_stm32f10x_md.o(RESET) refers to startup_stm32f10x_md.o(STACK) for __initial_sp
    startup_stm32f10x_md.o(RESET) refers to startup_stm32f10x_md.o(.text) for Reset_Handler
    startup_stm32f10x_md.o(.text) refers (Special) to heapauxi.o(.text) for __use_two_region_memory
    startup_stm32f10x_md.o(.text) refers to system_stm32f10x.o(.text.SystemInit) for SystemInit
    startup_stm32f10x_md.o(.text) refers to tft.o(MYCODE) for __main
    startup_stm32f10x_md.o(.text) refers to startup_stm32f10x_md.o(HEAP) for Heap_Mem
    startup_stm32f10x_md.o(.text) refers to startup_stm32f10x_md.o(STACK) for Stack_Mem
    system_stm32f10x.o(.text.SystemInit) refers to system_stm32f10x.o(.text.SetSysClock) for SetSysClock
    system_stm32f10x.o(.ARM.exidx.text.SystemInit) refers to system_stm32f10x.o(.text.SystemInit) for [Anonymous Symbol]
    system_stm32f10x.o(.text.SetSysClock) refers to system_stm32f10x.o(.text.SetSysClockTo72) for SetSysClockTo72
    system_stm32f10x.o(.ARM.exidx.text.SetSysClock) refers to system_stm32f10x.o(.text.SetSysClock) for [Anonymous Symbol]
    system_stm32f10x.o(.text.SystemCoreClockUpdate) refers to system_stm32f10x.o(.data.SystemCoreClock) for SystemCoreClock
    system_stm32f10x.o(.text.SystemCoreClockUpdate) refers to system_stm32f10x.o(.rodata.AHBPrescTable) for AHBPrescTable
    system_stm32f10x.o(.ARM.exidx.text.SystemCoreClockUpdate) refers to system_stm32f10x.o(.text.SystemCoreClockUpdate) for [Anonymous Symbol]
    system_stm32f10x.o(.ARM.exidx.text.SetSysClockTo72) refers to system_stm32f10x.o(.text.SetSysClockTo72) for [Anonymous Symbol]


==============================================================================

Removing Unused input sections from the image.

    Removing tft.o(MYDATA), (0 bytes).
    Removing draws.o(MYDATA), (0 bytes).
    Removing tft_init.o(DRAWS), (0 bytes).
    Removing buttons.o(MYDATA), (0 bytes).
    Removing iremmiter.o(MYDATA), (0 bytes).
    Removing iremmiter.o(IREMMITER), (0 bytes).
    Removing rtc.o(MYDATA), (0 bytes).
    Removing rtc.o(RTC), (152 bytes).
    Removing snakegame.o(MY_SNAKE_DATA), (0 bytes).
    Removing integration.o(MYDATA), (0 bytes).
    Removing tempandhum.o(MYDATA), (0 bytes).
    Removing screens_draws.o(MYDATA), (0 bytes).
    Removing stopwatchscreen.o(MYDATA), (0 bytes).
    Removing themes.o(MYDATA), (0 bytes).
    Removing alarmscreen.o(MYDATA), (0 bytes).
    Removing omnitext.o(MYDATA), (0 bytes).
    Removing games.o(MYDATA), (0 bytes).
    Removing snakehigherlevel.o(MY_SNAKE_DATA), (0 bytes).
    Removing calcinterface.o(MYDATA), (0 bytes).
    Removing calculator.o(MY_CALCULATOR_DATA), (0 bytes).
    Removing calchelp.o(MY_CALCULATOR_DATA), (0 bytes).
    Removing gpio_stm32f10x.o(.text), (0 bytes).
    Removing gpio_stm32f10x.o(.text.GPIO_PortClock), (528 bytes).
    Removing gpio_stm32f10x.o(.ARM.exidx.text.GPIO_PortClock), (8 bytes).
    Removing gpio_stm32f10x.o(.text.GPIO_GetPortClockState), (284 bytes).
    Removing gpio_stm32f10x.o(.ARM.exidx.text.GPIO_GetPortClockState), (8 bytes).
    Removing gpio_stm32f10x.o(.text.GPIO_PinConfigure), (222 bytes).
    Removing gpio_stm32f10x.o(.ARM.exidx.text.GPIO_PinConfigure), (8 bytes).
    Removing gpio_stm32f10x.o(.text.GPIO_AFConfigure), (228 bytes).
    Removing gpio_stm32f10x.o(.ARM.exidx.text.GPIO_AFConfigure), (8 bytes).
    Removing system_stm32f10x.o(.text), (0 bytes).
    Removing system_stm32f10x.o(.ARM.exidx.text.SystemInit), (8 bytes).
    Removing system_stm32f10x.o(.ARM.exidx.text.SetSysClock), (8 bytes).
    Removing system_stm32f10x.o(.text.SystemCoreClockUpdate), (290 bytes).
    Removing system_stm32f10x.o(.ARM.exidx.text.SystemCoreClockUpdate), (8 bytes).
    Removing system_stm32f10x.o(.ARM.exidx.text.SetSysClockTo72), (8 bytes).
    Removing system_stm32f10x.o(.data.SystemCoreClock), (4 bytes).
    Removing system_stm32f10x.o(.rodata.AHBPrescTable), (16 bytes).

38 unused section(s) (total 1788 bytes) removed from the image.

==============================================================================

Image Symbol Table

    Local Symbols

    Symbol Name                              Value     Ov Type        Size  Object(Section)

    ../clib/heapaux.c                        0x00000000   Number         0  heapauxi.o ABSOLUTE
    AlarmSCREEN.s                            0x00000000   Number         0  alarmscreen.o ABSOLUTE
    Calculator.s                             0x00000000   Number         0  calculator.o ABSOLUTE
    DRAWS.s                                  0x00000000   Number         0  draws.o ABSOLUTE
    GPIO_STM32F10x.c                         0x00000000   Number         0  gpio_stm32f10x.o ABSOLUTE
    IconsBitmap.s                            0x00000000   Number         0  iconsbitmap.o ABSOLUTE
    IconsTwo.s                               0x00000000   Number         0  iconstwo.o ABSOLUTE
    OmniText.s                               0x00000000   Number         0  omnitext.o ABSOLUTE
    RTE/Device/STM32F103C8/startup_stm32f10x_md.s 0x00000000   Number         0  startup_stm32f10x_md.o ABSOLUTE
    SCREENS_DRAWS.s                          0x00000000   Number         0  screens_draws.o ABSOLUTE
    SnakeHigherLevel.s                       0x00000000   Number         0  snakehigherlevel.o ABSOLUTE
    StopWatchScreen.s                        0x00000000   Number         0  stopwatchscreen.o ABSOLUTE
    TFT.s                                    0x00000000   Number         0  tft.o ABSOLUTE
    TFT_INIT.s                               0x00000000   Number         0  tft_init.o ABSOLUTE
    Themes.s                                 0x00000000   Number         0  themes.o ABSOLUTE
    bitmap_partOne.s                         0x00000000   Number         0  bitmap_partone.o ABSOLUTE
    bitmap_partTwo.s                         0x00000000   Number         0  bitmap_parttwo.o ABSOLUTE
    buttons.s                                0x00000000   Number         0  buttons.o ABSOLUTE
    calcHelp.s                               0x00000000   Number         0  calchelp.o ABSOLUTE
    calcInterface.s                          0x00000000   Number         0  calcinterface.o ABSOLUTE
    dc.s                                     0x00000000   Number         0  dc.o ABSOLUTE
    games.s                                  0x00000000   Number         0  games.o ABSOLUTE
    integration.s                            0x00000000   Number         0  integration.o ABSOLUTE
    irEmmiter.s                              0x00000000   Number         0  iremmiter.o ABSOLUTE
    rtc.s                                    0x00000000   Number         0  rtc.o ABSOLUTE
    snakeGame.s                              0x00000000   Number         0  snakegame.o ABSOLUTE
    system_stm32f10x.c                       0x00000000   Number         0  system_stm32f10x.o ABSOLUTE
    tempAndHum.s                             0x00000000   Number         0  tempandhum.o ABSOLUTE
    RESET                                    0x08000000   Section      236  startup_stm32f10x_md.o(RESET)
    .text                                    0x080000ec   Section      236  startup_stm32f10x_md.o(.text)
    .text                                    0x080001d8   Section        0  heapauxi.o(.text)
    SetSysClock                              0x080001e1   Thumb Code     8  system_stm32f10x.o(.text.SetSysClock)
    [Anonymous Symbol]                       0x080001e0   Section        0  system_stm32f10x.o(.text.SetSysClock)
    SetSysClockTo72                          0x080001e9   Thumb Code   290  system_stm32f10x.o(.text.SetSysClockTo72)
    [Anonymous Symbol]                       0x080001e8   Section        0  system_stm32f10x.o(.text.SetSysClockTo72)
    [Anonymous Symbol]                       0x0800030c   Section        0  system_stm32f10x.o(.text.SystemInit)
    CHECK_LEFT                               0x08000375   Thumb Code    68  buttons.o(BUTTONS)
    BUTTONS                                  0x08000374   Section      876  buttons.o(BUTTONS)
    CHECK_RIGHT                              0x080003b9   Thumb Code    72  buttons.o(BUTTONS)
    CHECK_UP                                 0x08000401   Thumb Code    72  buttons.o(BUTTONS)
    CHECK_DOWN                               0x08000449   Thumb Code    72  buttons.o(BUTTONS)
    CHECK_OK                                 0x08000491   Thumb Code    72  buttons.o(BUTTONS)
    CHECK_IR_RIGHT_INPUTS                    0x0800063f   Thumb Code    34  buttons.o(BUTTONS)
    CHECK_IR_LEFT_INPUTS                     0x08000661   Thumb Code    34  buttons.o(BUTTONS)
    CHECK_IR_UP_INPUTS                       0x08000683   Thumb Code    34  buttons.o(BUTTONS)
    CHECK_IR_DOWN_INPUTS                     0x080006a5   Thumb Code    34  buttons.o(BUTTONS)
    DRAWS                                    0x080006e0   Section      964  draws.o(DRAWS)
    DRAW_LINE_VERTICAL                       0x08000709   Thumb Code    16  draws.o(DRAWS)
    DRAWPIXEL                                0x08000765   Thumb Code    24  draws.o(DRAWS)
    ADDRESS_SET                              0x0800077d   Thumb Code    96  draws.o(DRAWS)
    INTEGRATION                              0x08000aa4   Section     2376  integration.o(INTEGRATION)
    HANDLE_TEMP_SENSOR                       0x080012c9   Thumb Code   116  integration.o(INTEGRATION)
    SET_ALARM                                0x0800133d   Thumb Code   130  integration.o(INTEGRATION)
    MYCODE                                   0x080013ec   Section     1096  tft.o(MYCODE)
    LCD_INIT                                 0x08001511   Thumb Code   182  tft.o(MYCODE)
    SETUP                                    0x080015c7   Thumb Code   468  tft.o(MYCODE)
    SCREENDRAWS                              0x08001834   Section     1220  screens_draws.o(SCREENDRAWS)
    DRAW_RHOMBUS                             0x08001955   Thumb Code   128  screens_draws.o(SCREENDRAWS)
    DRAW_HOME_INTERFACE                      0x08001a93   Thumb Code    48  screens_draws.o(SCREENDRAWS)
    DRAW_HERO_TIME                           0x08001ac3   Thumb Code   224  screens_draws.o(SCREENDRAWS)
    DRAW_OVERLAY_SCREEN                      0x08001baf   Thumb Code    56  screens_draws.o(SCREENDRAWS)
    STOPWATCH_TEXT                           0x08001cf9   Thumb Code    78  stopwatchscreen.o(SCREENDRAWS)
    SCREENDRAWS                              0x08001cf8   Section      524  stopwatchscreen.o(SCREENDRAWS)
    DRAW_START_BUTTON                        0x08001de3   Thumb Code    98  stopwatchscreen.o(SCREENDRAWS)
    DRAW_STOP_BUTTON                         0x08001e45   Thumb Code    80  stopwatchscreen.o(SCREENDRAWS)
    DRAW_STOPWATCH_BUTTONS                   0x08001e95   Thumb Code    56  stopwatchscreen.o(SCREENDRAWS)
    THEMES_TEXT                              0x08001f05   Thumb Code    92  themes.o(SCREENDRAWS)
    SCREENDRAWS                              0x08001f04   Section      200  themes.o(SCREENDRAWS)
    ALARM_TEXT                               0x08001fcd   Thumb Code    98  alarmscreen.o(SCREENDRAWS)
    SCREENDRAWS                              0x08001fcc   Section      524  alarmscreen.o(SCREENDRAWS)
    ALARM_TIMER                              0x0800202f   Thumb Code   156  alarmscreen.o(SCREENDRAWS)
    DRAW_SET_BUTTON                          0x080020cb   Thumb Code    62  alarmscreen.o(SCREENDRAWS)
    DRAW_RESET_BUTTON                        0x08002109   Thumb Code    98  alarmscreen.o(SCREENDRAWS)
    DRAW_ALARM_BUTTONS                       0x0800216b   Thumb Code    56  alarmscreen.o(SCREENDRAWS)
    SCREENDRAWS                              0x080021d8   Section      472  omnitext.o(SCREENDRAWS)
    DRAW_TEAM                                0x08002205   Thumb Code    80  omnitext.o(SCREENDRAWS)
    DRAW_ULTIMATE                            0x08002255   Thumb Code   152  omnitext.o(SCREENDRAWS)
    DRAW_OMNITRIX                            0x080022ed   Thumb Code   152  omnitext.o(SCREENDRAWS)
    GAME_TEXT                                0x080023b1   Thumb Code    78  games.o(SCREENDRAWS)
    SCREENDRAWS                              0x080023b0   Section      376  games.o(SCREENDRAWS)
    DRAW_GAME_ONE_BUTTON                     0x080023ff   Thumb Code    98  games.o(SCREENDRAWS)
    DRAW_GAME_TWO_BUTTON                     0x08002461   Thumb Code    98  games.o(SCREENDRAWS)
    DRAW_GAME_BUTTONS                        0x080024c3   Thumb Code    56  games.o(SCREENDRAWS)
    CALCULATOR_TEXT                          0x08002529   Thumb Code   188  calcinterface.o(SCREENDRAWS)
    SCREENDRAWS                              0x08002528   Section      372  calcinterface.o(SCREENDRAWS)
    DRAW_CALC_BUTTON_TXT                     0x080025e5   Thumb Code    98  calcinterface.o(SCREENDRAWS)
    DRAW_CALC_BUTTONS                        0x08002647   Thumb Code    36  calcinterface.o(SCREENDRAWS)
    SNAKE_CODE                               0x0800269c   Section      480  snakegame.o(SNAKE_CODE)
    DRAW_CRABBY_PATY                         0x0800279b   Thumb Code   106  snakegame.o(SNAKE_CODE)
    DRAW_NEW_SNAKE                           0x08002805   Thumb Code   120  snakegame.o(SNAKE_CODE)
    SNAKE_CODE                               0x0800287c   Section      622  snakehigherlevel.o(SNAKE_CODE)
    DRAW_BORDERS_OF_DANGER_ZONE              0x08002a29   Thumb Code    72  snakehigherlevel.o(SNAKE_CODE)
    DRAW_NEW_SNAKE                           0x08002a71   Thumb Code   122  snakehigherlevel.o(SNAKE_CODE)
    SNAKE_CODE                               0x08002aec   Section     1452  calculator.o(SNAKE_CODE)
    CLEAR_NUMBER_OPERATION_AREA              0x08002cc5   Thumb Code    36  calculator.o(SNAKE_CODE)
    DRAW_EDITED_NUMBER_1                     0x08002ce9   Thumb Code    22  calculator.o(SNAKE_CODE)
    DRAW_EDITED_NUMBER_2                     0x08002cff   Thumb Code    22  calculator.o(SNAKE_CODE)
    DRAW_CHOOSE_NUMBER_INTERFACE             0x08002d15   Thumb Code    68  calculator.o(SNAKE_CODE)
    DRAW_CHOOSE_OPERATION_INTERFACE          0x08002d59   Thumb Code    68  calculator.o(SNAKE_CODE)
    DRAW_EDITED_OPERATION                    0x08002d9d   Thumb Code    22  calculator.o(SNAKE_CODE)
    DRAW_FIRST_TAG                           0x08002db3   Thumb Code   166  calculator.o(SNAKE_CODE)
    DRAW_SECOND_TAG                          0x08002e59   Thumb Code   180  calculator.o(SNAKE_CODE)
    DRAW_OP_TAG                              0x08002f0d   Thumb Code   138  calculator.o(SNAKE_CODE)
    DRAW_OPERATIONS                          0x08002f97   Thumb Code   184  calculator.o(SNAKE_CODE)
    CONVERSION_HEXA_DECIMEL                  0x08003099   Thumb Code   142  calchelp.o(SNAKE_CODE)
    SNAKE_CODE                               0x08003098   Section      198  calchelp.o(SNAKE_CODE)
    START_SIGNAL                             0x08003161   Thumb Code    84  tempandhum.o(TEMPANDHUM)
    TEMPANDHUM                               0x08003160   Section      744  tempandhum.o(TEMPANDHUM)
    DHT11_ACK                                0x080031b5   Thumb Code   128  tempandhum.o(TEMPANDHUM)
    DHT11_DATA                               0x08003235   Thumb Code   122  tempandhum.o(TEMPANDHUM)
    CHECK_INPUT_INVERTED                     0x080032af   Thumb Code    34  tempandhum.o(TEMPANDHUM)
    CONVERSION_HEXA_DECIMEL_TEMP             0x0800337b   Thumb Code   142  tempandhum.o(TEMPANDHUM)
    SEPERATE_TEMP_HUM                        0x08003409   Thumb Code    40  tempandhum.o(TEMPANDHUM)
    CharacterBitmaps1                        0x08003448   Section     7794  bitmap_partone.o(CharacterBitmaps1)
    CharacterBitmaps2                        0x080052bc   Section     8404  bitmap_parttwo.o(CharacterBitmaps2)
    IconsBitmaps                             0x08007390   Section     1200  iconsbitmap.o(IconsBitmaps)
    MYDATA                                   0x08007840   Section      840  iconstwo.o(MYDATA)
    Heap_Mem                                 0x20000000   Data         512  startup_stm32f10x_md.o(HEAP)
    HEAP                                     0x20000000   Section      512  startup_stm32f10x_md.o(HEAP)
    Stack_Mem                                0x20000200   Data        1024  startup_stm32f10x_md.o(STACK)
    STACK                                    0x20000200   Section     1024  startup_stm32f10x_md.o(STACK)
    __initial_sp                             0x20000600   Data           0  startup_stm32f10x_md.o(STACK)

    Global Symbols

    Symbol Name                              Value     Ov Type        Size  Object(Section)

    BuildAttributes$$THM_ISAv4$P$D$K$B$S$PE$A:L22UL41UL21$X:L11$S22US41US21$IEEE1$IW$~IW$USESV6$~STKCKD$USESV7$~SHL$OSPACE$ROPI$EBA8$STANDARDLIB$REQ8$EABIv2 0x00000000   Number         0  anon$$obj.o ABSOLUTE
    __Vectors_Size                           0x000000ec   Number         0  startup_stm32f10x_md.o ABSOLUTE
    __Vectors                                0x08000000   Data           4  startup_stm32f10x_md.o(RESET)
    Reset_Handler                            0x080000ed   Thumb Code     8  startup_stm32f10x_md.o(.text)
    __Vectors_End                            0x080000ec   Data           0  startup_stm32f10x_md.o(RESET)
    NMI_Handler                              0x080000f5   Thumb Code     2  startup_stm32f10x_md.o(.text)
    HardFault_Handler                        0x080000f7   Thumb Code     2  startup_stm32f10x_md.o(.text)
    MemManage_Handler                        0x080000f9   Thumb Code     2  startup_stm32f10x_md.o(.text)
    BusFault_Handler                         0x080000fb   Thumb Code     2  startup_stm32f10x_md.o(.text)
    UsageFault_Handler                       0x080000fd   Thumb Code     2  startup_stm32f10x_md.o(.text)
    SVC_Handler                              0x080000ff   Thumb Code     2  startup_stm32f10x_md.o(.text)
    DebugMon_Handler                         0x08000101   Thumb Code     2  startup_stm32f10x_md.o(.text)
    PendSV_Handler                           0x08000103   Thumb Code     2  startup_stm32f10x_md.o(.text)
    SysTick_Handler                          0x08000105   Thumb Code     2  startup_stm32f10x_md.o(.text)
    RTCAlarm_IRQHandler                      0x08000107   Thumb Code   138  startup_stm32f10x_md.o(.text)
    ADC1_2_IRQHandler                        0x08000191   Thumb Code     0  startup_stm32f10x_md.o(.text)
    CAN1_RX1_IRQHandler                      0x08000191   Thumb Code     0  startup_stm32f10x_md.o(.text)
    CAN1_SCE_IRQHandler                      0x08000191   Thumb Code     0  startup_stm32f10x_md.o(.text)
    DMA1_Channel1_IRQHandler                 0x08000191   Thumb Code     0  startup_stm32f10x_md.o(.text)
    DMA1_Channel2_IRQHandler                 0x08000191   Thumb Code     0  startup_stm32f10x_md.o(.text)
    DMA1_Channel3_IRQHandler                 0x08000191   Thumb Code     0  startup_stm32f10x_md.o(.text)
    DMA1_Channel4_IRQHandler                 0x08000191   Thumb Code     0  startup_stm32f10x_md.o(.text)
    DMA1_Channel5_IRQHandler                 0x08000191   Thumb Code     0  startup_stm32f10x_md.o(.text)
    DMA1_Channel6_IRQHandler                 0x08000191   Thumb Code     0  startup_stm32f10x_md.o(.text)
    DMA1_Channel7_IRQHandler                 0x08000191   Thumb Code     0  startup_stm32f10x_md.o(.text)
    EXTI0_IRQHandler                         0x08000191   Thumb Code     0  startup_stm32f10x_md.o(.text)
    EXTI15_10_IRQHandler                     0x08000191   Thumb Code     0  startup_stm32f10x_md.o(.text)
    EXTI1_IRQHandler                         0x08000191   Thumb Code     0  startup_stm32f10x_md.o(.text)
    EXTI2_IRQHandler                         0x08000191   Thumb Code     0  startup_stm32f10x_md.o(.text)
    EXTI3_IRQHandler                         0x08000191   Thumb Code     0  startup_stm32f10x_md.o(.text)
    EXTI4_IRQHandler                         0x08000191   Thumb Code     0  startup_stm32f10x_md.o(.text)
    EXTI9_5_IRQHandler                       0x08000191   Thumb Code     0  startup_stm32f10x_md.o(.text)
    FLASH_IRQHandler                         0x08000191   Thumb Code     0  startup_stm32f10x_md.o(.text)
    I2C1_ER_IRQHandler                       0x08000191   Thumb Code     0  startup_stm32f10x_md.o(.text)
    I2C1_EV_IRQHandler                       0x08000191   Thumb Code     0  startup_stm32f10x_md.o(.text)
    I2C2_ER_IRQHandler                       0x08000191   Thumb Code     0  startup_stm32f10x_md.o(.text)
    I2C2_EV_IRQHandler                       0x08000191   Thumb Code     0  startup_stm32f10x_md.o(.text)
    PVD_IRQHandler                           0x08000191   Thumb Code     0  startup_stm32f10x_md.o(.text)
    RCC_IRQHandler                           0x08000191   Thumb Code     0  startup_stm32f10x_md.o(.text)
    RTC_IRQHandler                           0x08000191   Thumb Code     0  startup_stm32f10x_md.o(.text)
    SPI1_IRQHandler                          0x08000191   Thumb Code     0  startup_stm32f10x_md.o(.text)
    SPI2_IRQHandler                          0x08000191   Thumb Code     0  startup_stm32f10x_md.o(.text)
    TAMPER_IRQHandler                        0x08000191   Thumb Code     0  startup_stm32f10x_md.o(.text)
    TIM1_BRK_IRQHandler                      0x08000191   Thumb Code     0  startup_stm32f10x_md.o(.text)
    TIM1_CC_IRQHandler                       0x08000191   Thumb Code     0  startup_stm32f10x_md.o(.text)
    TIM1_TRG_COM_IRQHandler                  0x08000191   Thumb Code     0  startup_stm32f10x_md.o(.text)
    TIM1_UP_IRQHandler                       0x08000191   Thumb Code     0  startup_stm32f10x_md.o(.text)
    TIM2_IRQHandler                          0x08000191   Thumb Code     0  startup_stm32f10x_md.o(.text)
    TIM3_IRQHandler                          0x08000191   Thumb Code     0  startup_stm32f10x_md.o(.text)
    TIM4_IRQHandler                          0x08000191   Thumb Code     0  startup_stm32f10x_md.o(.text)
    USART1_IRQHandler                        0x08000191   Thumb Code     0  startup_stm32f10x_md.o(.text)
    USART2_IRQHandler                        0x08000191   Thumb Code     0  startup_stm32f10x_md.o(.text)
    USART3_IRQHandler                        0x08000191   Thumb Code     0  startup_stm32f10x_md.o(.text)
    USBWakeUp_IRQHandler                     0x08000191   Thumb Code     0  startup_stm32f10x_md.o(.text)
    USB_HP_CAN1_TX_IRQHandler                0x08000191   Thumb Code     0  startup_stm32f10x_md.o(.text)
    USB_LP_CAN1_RX0_IRQHandler               0x08000191   Thumb Code     0  startup_stm32f10x_md.o(.text)
    WWDG_IRQHandler                          0x08000191   Thumb Code     0  startup_stm32f10x_md.o(.text)
    __user_initial_stackheap                 0x08000195   Thumb Code     0  startup_stm32f10x_md.o(.text)
    __use_two_region_memory                  0x080001d9   Thumb Code     2  heapauxi.o(.text)
    __rt_heap_escrow$2region                 0x080001db   Thumb Code     2  heapauxi.o(.text)
    __rt_heap_expand$2region                 0x080001dd   Thumb Code     2  heapauxi.o(.text)
    SystemInit                               0x0800030d   Thumb Code   102  system_stm32f10x.o(.text.SystemInit)
    READ_BUTTONS                             0x080004d9   Thumb Code    24  buttons.o(BUTTONS)
    READ_IR_BUTTONS                          0x080004f1   Thumb Code   334  buttons.o(BUTTONS)
    GET_READINGS                             0x080006c7   Thumb Code    20  buttons.o(BUTTONS)
    DRAW_LINE_HORIZONTAL                     0x08000719   Thumb Code    16  draws.o(DRAWS)
    DRAW_RECTANGLE_FILLED                    0x08000729   Thumb Code    60  draws.o(DRAWS)
    DRAW_CHAR                                0x080007dd   Thumb Code    58  draws.o(DRAWS)
    DRAW_CHAR_I                              0x08000817   Thumb Code    58  draws.o(DRAWS)
    DRAW_CHAR_M                              0x08000851   Thumb Code    58  draws.o(DRAWS)
    COUNTER                                  0x0800088b   Thumb Code     8  draws.o(DRAWS)
    DRAW_NUMBERS                             0x08000893   Thumb Code   130  draws.o(DRAWS)
    DRAW_DIGIT_PAIR                          0x08000915   Thumb Code    42  draws.o(DRAWS)
    SIMPLE_ANIMATION                         0x0800093f   Thumb Code   108  draws.o(DRAWS)
    DRAW_ICON_OP                             0x080009ab   Thumb Code    76  draws.o(DRAWS)
    DRAW_ICON_OPS                            0x08000a31   Thumb Code    76  draws.o(DRAWS)
    HELLO_SCREEN                             0x08000aa5   Thumb Code    12  integration.o(INTEGRATION)
    OMNITREX_SCREEN                          0x08000ab1   Thumb Code    22  integration.o(INTEGRATION)
    HOME_SCREEN                              0x08000ac7   Thumb Code    24  integration.o(INTEGRATION)
    SCREEN_MAIN                              0x08000adf   Thumb Code    54  integration.o(INTEGRATION)
    SCREEN_ALARM                             0x08000b15   Thumb Code  1306  integration.o(INTEGRATION)
    SCREEN_STOPWATCH                         0x0800102f   Thumb Code    58  integration.o(INTEGRATION)
    SCREEN_CALCULATOR                        0x08001069   Thumb Code    36  integration.o(INTEGRATION)
    SCREEN_THEMES                            0x0800108d   Thumb Code   328  integration.o(INTEGRATION)
    SCREEN_GAMES                             0x080011d5   Thumb Code   244  integration.o(INTEGRATION)
    __main                                   0x080013ed   Thumb Code   198  tft.o(MYCODE)
    LCD_WRITE                                0x080014b3   Thumb Code    38  tft.o(MYCODE)
    LCD_COMMAND_WRITE                        0x080014d9   Thumb Code    28  tft.o(MYCODE)
    LCD_DATA_WRITE                           0x080014f5   Thumb Code    28  tft.o(MYCODE)
    delay_1_second                           0x0800179b   Thumb Code    22  tft.o(MYCODE)
    delay_half_second                        0x080017b1   Thumb Code     0  tft.o(MYCODE)
    BOX_EXPANSION                            0x08001835   Thumb Code    80  screens_draws.o(SCREENDRAWS)
    DRAW_BEN10_SCREEN                        0x08001885   Thumb Code   208  screens_draws.o(SCREENDRAWS)
    DRAW_CLOCK_PART                          0x080019d5   Thumb Code   190  screens_draws.o(SCREENDRAWS)
    DRAW_HOME_SCREEN                         0x08001ba3   Thumb Code    12  screens_draws.o(SCREENDRAWS)
    HOME_INTERFACE                           0x08001be7   Thumb Code    34  screens_draws.o(SCREENDRAWS)
    STOPWATCH_INTERFACE                      0x08001c09   Thumb Code    34  screens_draws.o(SCREENDRAWS)
    ALARM_INTERFACE                          0x08001c2b   Thumb Code    34  screens_draws.o(SCREENDRAWS)
    THEMES_INTERFACE                         0x08001c4d   Thumb Code    34  screens_draws.o(SCREENDRAWS)
    GAMES_INTERFACE                          0x08001c6f   Thumb Code    34  screens_draws.o(SCREENDRAWS)
    CALCULATOR_INTERFACE                     0x08001c91   Thumb Code    34  screens_draws.o(SCREENDRAWS)
    DRAW_STOPWATCH_SCREEN                    0x08001ecd   Thumb Code    16  stopwatchscreen.o(SCREENDRAWS)
    DRAW_THEMES_SCREEN                       0x08001f61   Thumb Code    88  themes.o(SCREENDRAWS)
    DRAW_ALARM_SCREEN                        0x080021a3   Thumb Code    20  alarmscreen.o(SCREENDRAWS)
    DRAW_INTRO_SCREEN                        0x080021d9   Thumb Code    44  omnitext.o(SCREENDRAWS)
    DRAW_GAME_SCREEN                         0x080024fb   Thumb Code    16  games.o(SCREENDRAWS)
    DRAW_CALC_SCREEN                         0x0800266b   Thumb Code    16  calcinterface.o(SCREENDRAWS)
    SNAKE_GAME                               0x0800269d   Thumb Code   254  snakegame.o(SNAKE_CODE)
    SNAKE_GAME_HIGHER_LEVEL                  0x0800287d   Thumb Code   322  snakehigherlevel.o(SNAKE_CODE)
    Calculator                               0x08002aed   Thumb Code   472  calculator.o(SNAKE_CODE)
    HANDLE_RESULT                            0x08003127   Thumb Code    56  calchelp.o(SNAKE_CODE)
    GET_TEMPRATURE_AND_HUMIDITY_VALUE        0x08003333   Thumb Code    72  tempandhum.o(TEMPANDHUM)
    CharA                                    0x08003448   Data          18  bitmap_partone.o(CharacterBitmaps1)
    CharB                                    0x0800362e   Data          18  bitmap_partone.o(CharacterBitmaps1)
    CharC                                    0x08003814   Data          18  bitmap_partone.o(CharacterBitmaps1)
    CharD                                    0x080039fa   Data          18  bitmap_partone.o(CharacterBitmaps1)
    CharE                                    0x08003be0   Data          18  bitmap_partone.o(CharacterBitmaps1)
    CharF                                    0x08003dc6   Data          18  bitmap_partone.o(CharacterBitmaps1)
    CharG                                    0x08003fac   Data          18  bitmap_partone.o(CharacterBitmaps1)
    CharH                                    0x08004192   Data          18  bitmap_partone.o(CharacterBitmaps1)
    CharI                                    0x08004378   Data          12  bitmap_partone.o(CharacterBitmaps1)
    CharL                                    0x080046a2   Data          18  bitmap_partone.o(CharacterBitmaps1)
    CharM                                    0x0800489a   Data          24  bitmap_partone.o(CharacterBitmaps1)
    CharN                                    0x08004b22   Data          18  bitmap_partone.o(CharacterBitmaps1)
    CharO                                    0x08004d08   Data          18  bitmap_partone.o(CharacterBitmaps1)
    CharP                                    0x08004eee   Data          18  bitmap_partone.o(CharacterBitmaps1)
    CharR                                    0x080050d4   Data          18  bitmap_partone.o(CharacterBitmaps1)
    CharS                                    0x080052bc   Data          18  bitmap_parttwo.o(CharacterBitmaps2)
    CharT                                    0x080054a2   Data          18  bitmap_parttwo.o(CharacterBitmaps2)
    CharU                                    0x08005688   Data          18  bitmap_parttwo.o(CharacterBitmaps2)
    CharX                                    0x0800586e   Data          18  bitmap_parttwo.o(CharacterBitmaps2)
    Char0                                    0x08005a54   Data          18  bitmap_parttwo.o(CharacterBitmaps2)
    Char1                                    0x08005c3a   Data          18  bitmap_parttwo.o(CharacterBitmaps2)
    Char2                                    0x08005e20   Data          18  bitmap_parttwo.o(CharacterBitmaps2)
    Char3                                    0x08006006   Data          18  bitmap_parttwo.o(CharacterBitmaps2)
    Char4                                    0x080061ec   Data          18  bitmap_parttwo.o(CharacterBitmaps2)
    Char5                                    0x080063d2   Data          18  bitmap_parttwo.o(CharacterBitmaps2)
    Char6                                    0x080065b8   Data          18  bitmap_parttwo.o(CharacterBitmaps2)
    Char7                                    0x0800679e   Data          18  bitmap_parttwo.o(CharacterBitmaps2)
    Char8                                    0x08006984   Data          18  bitmap_parttwo.o(CharacterBitmaps2)
    Char9                                    0x08006b6a   Data          18  bitmap_parttwo.o(CharacterBitmaps2)
    HomeIcon                                 0x08007390   Data           5  iconsbitmap.o(IconsBitmaps)
    SunIcon                                  0x08007458   Data           5  iconsbitmap.o(IconsBitmaps)
    SettingIcon                              0x08007520   Data           5  iconsbitmap.o(IconsBitmaps)
    JoyStiick                                0x080075e8   Data           5  iconsbitmap.o(IconsBitmaps)
    Controller                               0x080076b0   Data           5  iconsbitmap.o(IconsBitmaps)
    DropIcon                                 0x08007778   Data           5  iconsbitmap.o(IconsBitmaps)
    Stopwatch                                0x08007840   Data           5  iconstwo.o(MYDATA)
    Alarm                                    0x08007908   Data           5  iconstwo.o(MYDATA)
    ArrowSelect                              0x080079d0   Data           3  iconstwo.o(MYDATA)
    RightArrow                               0x08007a0c   Data           3  iconstwo.o(MYDATA)
    LeftArrow                                0x08007a48   Data           3  iconstwo.o(MYDATA)
    UpArrow                                  0x08007a84   Data           3  iconstwo.o(MYDATA)
    CalculatorIcon                           0x08007ac0   Data           5  iconstwo.o(MYDATA)



==============================================================================

Memory Map of the image

  Image Entry point : 0x080000ed

  Load Region LR_1 (Base: 0x08000000, Size: 0x00007b88, Max: 0xffffffff, ABSOLUTE)

    Execution Region ER_RO (Exec base: 0x08000000, Load base: 0x08000000, Size: 0x00007b88, Max: 0xffffffff, ABSOLUTE)

    Exec Addr    Load Addr    Size         Type   Attr      Idx    E Section Name        Object

    0x08000000   0x08000000   0x000000ec   Data   RO          112    RESET               startup_stm32f10x_md.o
    0x080000ec   0x080000ec   0x000000ec   Code   RO          113  * .text               startup_stm32f10x_md.o
    0x080001d8   0x080001d8   0x00000006   Code   RO          136    .text               c_w.l(heapauxi.o)
    0x080001de   0x080001de   0x00000002   PAD
    0x080001e0   0x080001e0   0x00000008   Code   RO          120    .text.SetSysClock   system_stm32f10x.o
    0x080001e8   0x080001e8   0x00000122   Code   RO          124    .text.SetSysClockTo72  system_stm32f10x.o
    0x0800030a   0x0800030a   0x00000002   PAD
    0x0800030c   0x0800030c   0x00000066   Code   RO          118    .text.SystemInit    system_stm32f10x.o
    0x08000372   0x08000372   0x00000002   PAD
    0x08000374   0x08000374   0x0000036c   Code   RO           17    BUTTONS             buttons.o
    0x080006e0   0x080006e0   0x000003c4   Code   RO           11    DRAWS               draws.o
    0x08000aa4   0x08000aa4   0x00000948   Code   RO           34    INTEGRATION         integration.o
    0x080013ec   0x080013ec   0x00000448   Code   RO            2    MYCODE              tft.o
    0x08001834   0x08001834   0x000004c4   Code   RO           46    SCREENDRAWS         screens_draws.o
    0x08001cf8   0x08001cf8   0x0000020c   Code   RO           51    SCREENDRAWS         stopwatchscreen.o
    0x08001f04   0x08001f04   0x000000c8   Code   RO           56    SCREENDRAWS         themes.o
    0x08001fcc   0x08001fcc   0x0000020c   Code   RO           61    SCREENDRAWS         alarmscreen.o
    0x080021d8   0x080021d8   0x000001d8   Code   RO           66    SCREENDRAWS         omnitext.o
    0x080023b0   0x080023b0   0x00000178   Code   RO           71    SCREENDRAWS         games.o
    0x08002528   0x08002528   0x00000174   Code   RO           81    SCREENDRAWS         calcinterface.o
    0x0800269c   0x0800269c   0x000001e0   Code   RO           29    SNAKE_CODE          snakegame.o
    0x0800287c   0x0800287c   0x0000026e   Code   RO           76    SNAKE_CODE          snakehigherlevel.o
    0x08002aea   0x08002aea   0x00000002   PAD
    0x08002aec   0x08002aec   0x000005ac   Code   RO           86    SNAKE_CODE          calculator.o
    0x08003098   0x08003098   0x000000c6   Code   RO           91    SNAKE_CODE          calchelp.o
    0x0800315e   0x0800315e   0x00000002   PAD
    0x08003160   0x08003160   0x000002e8   Code   RO           39    TEMPANDHUM          tempandhum.o
    0x08003448   0x08003448   0x00001e72   Data   RO            8    CharacterBitmaps1   bitmap_partone.o
    0x080052ba   0x080052ba   0x00000002   PAD
    0x080052bc   0x080052bc   0x000020d4   Data   RO            9    CharacterBitmaps2   bitmap_parttwo.o
    0x08007390   0x08007390   0x000004b0   Data   RO           43    IconsBitmaps        iconsbitmap.o
    0x08007840   0x08007840   0x00000348   Data   RO           44    MYDATA              iconstwo.o


    Execution Region ER_RW (Exec base: 0x20000000, Load base: 0x08007b88, Size: 0x00000000, Max: 0xffffffff, ABSOLUTE)

    **** No section assigned to this execution region ****


    Execution Region ER_ZI (Exec base: 0x20000000, Load base: 0x08007b88, Size: 0x00000600, Max: 0xffffffff, ABSOLUTE)

    Exec Addr    Load Addr    Size         Type   Attr      Idx    E Section Name        Object

    0x20000000        -       0x00000200   Zero   RW          111    HEAP                startup_stm32f10x_md.o
    0x20000200        -       0x00000400   Zero   RW          110    STACK               startup_stm32f10x_md.o


==============================================================================

Image component sizes


      Code (inc. data)   RO Data    RW Data    ZI Data      Debug   Object Name

       524         34          0          0          0        688   alarmscreen.o
         0          0       7794          0          0          0   bitmap_partone.o
         0          0       8404          0          0          0   bitmap_parttwo.o
       876         52          0          0          0       1148   buttons.o
       198          0          0          0          0        448   calchelp.o
       372         34          0          0          0        576   calcinterface.o
      1452         74          0          0          0       1228   calculator.o
       964         40          0          0          0       1244   draws.o
       376         30          0          0          0        608   games.o
         0          0       1200          0          0          0   iconsbitmap.o
         0          0        840          0          0          0   iconstwo.o
      2376         64          0          0          0       1528   integration.o
       472         44          0          0          0        580   omnitext.o
      1220         70          0          0          0       1232   screens_draws.o
       480          0          0          0          0        564   snakegame.o
       622          0          0          0          0        696   snakehigherlevel.o
       236         60        236          0       1536        960   startup_stm32f10x_md.o
       524         40          0          0          0        716   stopwatchscreen.o
       400          0          0          0          0       2986   system_stm32f10x.o
       744         46          0          0          0        952   tempandhum.o
      1096         66          0          0          0       1008   tft.o
       200         20          0          0          0        424   themes.o

    ----------------------------------------------------------------------
     13140        674      18476          0       1536      17586   Object Totals
         0          0          0          0          0          0   (incl. Generated)
         8          0          2          0          0          0   (incl. Padding)

    ----------------------------------------------------------------------

      Code (inc. data)   RO Data    RW Data    ZI Data      Debug   Library Member Name

         6          0          0          0          0        152   heapauxi.o

    ----------------------------------------------------------------------
         8          0          0          0          0        152   Library Totals
         2          0          0          0          0          0   (incl. Padding)

    ----------------------------------------------------------------------

      Code (inc. data)   RO Data    RW Data    ZI Data      Debug   Library Name

         6          0          0          0          0        152   c_w.l

    ----------------------------------------------------------------------
         8          0          0          0          0        152   Library Totals

    ----------------------------------------------------------------------

==============================================================================


      Code (inc. data)   RO Data    RW Data    ZI Data      Debug   

     13148        674      18476          0       1536      16906   Grand Totals
     13148        674      18476          0       1536      16906   ELF Image Totals
     13148        674      18476          0          0          0   ROM Totals

==============================================================================

    Total RO  Size (Code + RO Data)                31624 (  30.88kB)
    Total RW  Size (RW Data + ZI Data)              1536 (   1.50kB)
    Total ROM Size (Code + RO Data + RW Data)      31624 (  30.88kB)

==============================================================================

